{"firstName":"Nikola-UPDATED","id":1,"lastName":"Tesla-UPDATED"}