{"firstName":"Albert","id":2,"lastName":"Einstein"}