[{"firstName":"Nikola","id":1,"lastName":"Tesla"},{"firstName":"Albert","id":2,"lastName":"Einstein"},{"firstName":"Carl","id":3,"lastName":"Sagan"}]